// Jest Snapshot v1, https://goo.gl/fbAQLP

exports[`renders correctly 1`] = `
<DocumentFragment>
  <div
    class="App"
  >
    <img
      alt="NASALogo"
      class="NASA_logo"
      src="https://cdn.cnn.com/cnnnext/dam/assets/200424060716-nasa-worm-logo.jpg"
    />
    <form
      class="search_form"
    >
      <input
        class="search_input"
        placeholder="Search here.."
        type="text"
      />
      <button
        class="submit_button"
        type="submit"
      >
         Shoot! 
      </button>
    </form>
     
    <p />
  </div>
</DocumentFragment>
`;
